ID(huk4iy289) ID(uidbjsnma) ID(dw) ID(efierof) ID(usopjo) ID(SDfsf) ID(F40) MINUS BECOMES BECOMES MINUS <UNEXPECTED(`)> DOT <UNEXPECTED(/)> ID(EWWL) LBRACK <UNEXPECTED(\)> <UNEXPECTED(\)> <UNEXPECTED(\)> ID(F)