INT ID(a) BECOMES ID(b) PLUS ID(c) SEMICOLON LBRACK <UNEXPECTED(\)> <UNEXPECTED(~)> <UNEXPECTED(`)> <UNEXPECTED(\)> PRINT LPAREN ID(a) RPAREN SEMICOLON