INT ID(a) BECOMES ID(b) PLUS ID(c) SEMICOLON PRINT LPAREN ID(a) RPAREN SEMICOLON